\BOOKMARK [0][-]{chapter*.1}{\376\377\000P\000r\000e\000f\000a\000c\000e}{}% 1
\BOOKMARK [0][-]{chapter*.2}{\376\377\000C\000o\000n\000t\000e\000n\000t}{}% 2
\BOOKMARK [0][-]{chapter.1}{\376\377\124\021\221\317}{}% 3
\BOOKMARK [1][-]{section.1.1}{\376\377\164\003\127\120\150\007}{chapter.1}% 4
\BOOKMARK [0][-]{chapter.2}{\376\377\162\171\137\201\120\074\225\356\230\230}{}% 5
\BOOKMARK [1][-]{section.2.1}{\376\377\0001}{chapter.2}% 6
\BOOKMARK [0][-]{chapter.3}{\376\377\120\205\221\314\123\366\123\330\143\142}{}% 7
\BOOKMARK [1][-]{section.3.1}{\376\377\120\205\221\314\123\366\176\247\145\160}{chapter.3}% 8
\BOOKMARK [1][-]{section.3.2}{\376\377\120\205\221\314\123\366\123\330\143\142}{chapter.3}% 9
\BOOKMARK [2][-]{subsection.3.2.1}{\376\377\120\205\221\314\123\366\123\330\143\142\166\204\140\047\215\050}{section.3.2}% 10
\BOOKMARK [0][-]{chapter.4}{\376\377\145\160\133\146\162\151\164\006\145\271\172\013}{}% 11
\BOOKMARK [1][-]{section.4.1}{\376\377\217\276\147\027\215\035\134\024\154\325}{chapter.4}% 12
\BOOKMARK [1][-]{section.4.2}{\376\377\122\006\171\273\123\330\221\317\154\325}{chapter.4}% 13
\BOOKMARK [1][-]{section.4.3}{\376\377\171\357\122\006\123\330\143\142\154\325}{chapter.4}% 14
\BOOKMARK [0][-]{chapter.5}{\376\377\150\074\147\227\121\375\145\160}{}% 15
\BOOKMARK [0][-]{chapter.6}{\376\377\116\000\116\233\162\151\164\006\133\146\116\055\136\070\165\050\166\204\121\375\145\160}{}% 16
\BOOKMARK [0][-]{chapter.7}{\376\377\137\040\221\317}{}% 17
\BOOKMARK [0][-]{chapter.8}{\376\377\162\151\164\006\133\146\116\055\166\204\177\244\213\272}{}% 18
\BOOKMARK [0][-]{chapter.9}{\376\377\176\317\121\170\122\233\133\146}{}% 19
\BOOKMARK [0][-]{chapter.10}{\376\377\221\317\133\120\122\233\133\146\127\372\170\100}{}% 20
\BOOKMARK [1][-]{section.10.1}{\376\377\221\317\133\120\122\233\133\146\166\204\127\372\147\054\120\107\213\276}{chapter.10}% 21
\BOOKMARK [1][-]{section.10.2}{\376\377\214\020\143\057\133\120\124\214\167\351\226\065\145\271\154\325}{chapter.10}% 22
\BOOKMARK [1][-]{section.10.3}{\376\377\211\322\122\250\221\317}{chapter.10}% 23
\BOOKMARK [0][-]{chapter.11}{\376\377\221\317\133\120\122\233\133\146\000i\000i}{}% 24
\BOOKMARK [1][-]{section.11.1}{\376\377\121\150\124\014\174\222\133\120\124\214\116\214\153\041\221\317\133\120\123\026}{chapter.11}% 25
\BOOKMARK [1][-]{section.11.2}{\376\377\215\357\137\204\171\357\122\006}{chapter.11}% 26
\BOOKMARK [1][-]{section.11.3}{\376\377\162\304\142\311\121\113\145\271\172\013}{chapter.11}% 27
\BOOKMARK [0][-]{chapter.12}{\376\377\162\355\116\111\166\370\133\371\213\272}{}% 28
\BOOKMARK [0][-]{chapter.13}{\376\377\126\372\117\123\162\151\164\006\127\372\170\100}{}% 29
\BOOKMARK [1][-]{section.13.1}{\376\377\116\316\154\342\121\375\145\160\122\060\133\217\211\302\162\151\164\006\221\317}{chapter.13}% 30
\BOOKMARK [2][-]{subsection.13.1.1}{\376\377\165\065\133\120\133\306\136\246}{section.13.1}% 31
\BOOKMARK [2][-]{subsection.13.1.2}{\376\377\200\375\221\317}{section.13.1}% 32
\BOOKMARK [1][-]{section.13.2}{\376\377\146\166\117\123\176\323\147\204}{chapter.13}% 33
\BOOKMARK [1][-]{section.13.3}{\376\377\120\022\172\172\225\364}{chapter.13}% 34
\BOOKMARK [2][-]{subsection.13.3.1}{\376\377\136\003\221\314\156\012\123\072}{section.13.3}% 35
\BOOKMARK [1][-]{section.13.4}{\376\377\126\372\117\123\200\375\136\046\164\006\213\272}{chapter.13}% 36
\BOOKMARK [1][-]{section.13.5}{\376\377\226\104\137\125\000:\116\011\176\364\172\172\225\364\166\204\123\101\126\333\171\315\146\166\150\074}{chapter.13}% 37
\BOOKMARK [1][-]{section.13.6}{\376\377\226\104\137\125\000:\146\166\117\123\210\115\134\004\147\141\116\366}{chapter.13}% 38
\BOOKMARK [0][-]{chapter.14}{\376\377\174\222\133\120\162\151\164\006\127\372\170\100}{}% 39
\BOOKMARK [0][-]{chapter.14}{\376\377\000I\000n\000d\000e\000x}{}% 40
\BOOKMARK [0][-]{chapter.14}{\376\377\000R\000e\000f\000e\000r\000e\000n\000c\000e\000s}{}% 41
